thsis sis any thuis for test
this is 2 change...